// Jest Snapshot v1, https://goo.gl/fbAQLP

exports[`should render self and sub-components 1`] = `
<Fragment>
  <Connect(Component) />
  <styled.div>
    <p>
      foo
    </p>
  </styled.div>
</Fragment>
`;
