// Jest Snapshot v1, https://goo.gl/fbAQLP

exports[`should register url paths 1`] = `
Array [
  Object {
    "name": "query",
    "path": /\\^\\\\/\\?\\(\\?=\\\\/\\|\\$\\)/i,
  },
  Object {
    "name": "expressInit",
    "path": /\\^\\\\/\\?\\(\\?=\\\\/\\|\\$\\)/i,
  },
  Object {
    "name": "<anonymous>",
    "path": /\\^\\\\/graphql\\\\/\\?\\(\\?=\\\\/\\|\\$\\)/i,
  },
  Object {
    "name": "<anonymous>",
    "path": /\\^\\\\/\\\\\\.well-known\\\\/apollo\\\\/server-health\\\\/\\?\\(\\?=\\\\/\\|\\$\\)/i,
  },
  Object {
    "name": "corsMiddleware",
    "path": /\\^\\\\/graphql\\\\/\\?\\(\\?=\\\\/\\|\\$\\)/i,
  },
  Object {
    "name": "jsonParser",
    "path": /\\^\\\\/graphql\\\\/\\?\\(\\?=\\\\/\\|\\$\\)/i,
  },
  Object {
    "name": "<anonymous>",
    "path": /\\^\\\\/graphql\\\\/\\?\\(\\?=\\\\/\\|\\$\\)/i,
  },
  Object {
    "name": "<anonymous>",
    "path": /\\^\\\\/graphql\\\\/\\?\\(\\?=\\\\/\\|\\$\\)/i,
  },
  Object {
    "name": "<anonymous>",
    "path": /\\^\\\\/favicon\\\\\\.ico\\\\/\\?\\(\\?=\\\\/\\|\\$\\)/i,
  },
  Object {
    "name": "serveStatic",
    "path": /\\^\\\\/public\\\\/\\?\\(\\?=\\\\/\\|\\$\\)/i,
  },
  Object {
    "name": "bound dispatch",
    "path": /\\^\\\\/api\\\\/health\\\\/\\?\\$/i,
  },
  Object {
    "name": "bound dispatch",
    "path": /\\^\\(\\.\\*\\)\\\\/\\?\\$/i,
  },
]
`;
