// Jest Snapshot v1, https://goo.gl/fbAQLP

exports[`should return the get of api response 1`] = `
Object {
  "heath": "ok",
}
`;
